<html>
<body>
<pre>
<h1>µVision Build Log</h1>
<h2>Tool Versions:</h2>
IDE-Version: µVision V5.24.2.0
Copyright (C) 2017 ARM Ltd and ARM Germany GmbH. All rights reserved.
License Information: cuser cuser, cuhksz, LIC=9XJFX-HZFW8-6AYDV-MHTTM-T85HB-IUFEB
 
Tool Versions:
Toolchain:       MDK-ARM Essential  Version: 5.24.1
Toolchain Path:  C:\Keil_v5\ARM\ARMCC\Bin
C Compiler:      Armcc.exe V5.06 update 5 (build 528)
Assembler:       Armasm.exe V5.06 update 5 (build 528)
Linker/Locator:  ArmLink.exe V5.06 update 5 (build 528)
Library Manager: ArmAr.exe V5.06 update 5 (build 528)
Hex Converter:   FromElf.exe V5.06 update 5 (build 528)
CPU DLL:         SARMCM3.DLL V5.24.1
Dialog DLL:      DCM.DLL V1.16.0.0
Target DLL:      UL2CM3.DLL V1.160.3.0
Dialog DLL:      TCM.DLL V1.32.0.0
 
<h2>Project:</h2>
E:\_EIE-3810\Lab 6\Lab6\Lab6_2\Lab6_2.uvprojx
Project File Date:  12/01/2023

<h2>Output:</h2>
*** Using Compiler 'V5.06 update 5 (build 528)', folder: 'C:\Keil_v5\ARM\ARMCC\Bin'
Build target 'target1'
compiling main.c...
.\Board\EIE3810_JOYPAD.h(14): warning:  #1-D: last line of file ends without a newline
  #endif
User\main.c(61): warning:  #1295-D: Deprecated declaration draw_cores - give arg types
  void draw_cores();
User\main.c(253): warning:  #68-D: integer conversion resulted in a change of sign
              g_core_state[i] = -1;
User\main.c(533): warning:  #68-D: integer conversion resulted in a change of sign
              if (g_core_state[i] == -1)
User\main.c(704): warning:  #1-D: last line of file ends without a newline
  }
User\main.c: 9 warnings, 0 errors
linking...
Program Size: Code=15156 RO-data=6612 RW-data=192 ZI-data=1672  
FromELF: creating hex file...
".\Objects\_target1.axf" - 0 Error(s), 5 Warning(s).

<h2>Software Packages used:</h2>

Package Vendor: Keil
                http://www.keil.com/pack/Keil.STM32F1xx_DFP.2.2.0.pack
                Keil.STM32F1xx_DFP.2.2.0
                STMicroelectronics STM32F1 Series Device Support, Drivers and Examples

<h2>Collection of Component include folders:</h2>
  .\RTE\_target1
  C:\Keil_v5\ARM\PACK\Keil\STM32F1xx_DFP\2.2.0\Device\Include

<h2>Collection of Component Files used:</h2>
Build Time Elapsed:  00:00:01
</pre>
</body>
</html>
